srun: error: ioctl(TIOCGWINSZ): Inappropriate ioctl for device
srun: error: Not using a pseudo-terminal, disregarding --pty option
Traceback (most recent call last):
  File "/home/shanigoren/miniconda3/envs/skd/lib/python3.6/runpy.py", line 193, in _run_module_as_main
    "__main__", mod_spec)
  File "/home/shanigoren/miniconda3/envs/skd/lib/python3.6/runpy.py", line 85, in _run_code
    exec(code, run_globals)
  File "/home/shanigoren/miniconda3/envs/skd/lib/python3.6/site-packages/wandb/__main__.py", line 3, in <module>
    cli.cli(prog_name="python -m wandb")
  File "/home/shanigoren/miniconda3/envs/skd/lib/python3.6/site-packages/click/core.py", line 1128, in __call__
    return self.main(*args, **kwargs)
  File "/home/shanigoren/miniconda3/envs/skd/lib/python3.6/site-packages/click/core.py", line 1034, in main
    _verify_python_env()
  File "/home/shanigoren/miniconda3/envs/skd/lib/python3.6/site-packages/click/_unicodefun.py", line 100, in _verify_python_env
    raise RuntimeError("\n\n".join(extra))
RuntimeError: Click will abort further execution because Python was configured to use ASCII as encoding for the environment. Consult https://click.palletsprojects.com/unicode-support/ for mitigation steps.

This system supports the C.UTF-8 locale which is recommended. You might be able to resolve your issue by exporting the following environment variables:

    export LC_ALL=C.UTF-8
    export LANG=C.UTF-8

Click discovered that you exported a UTF-8 locale but the locale system could not pick up from it because it does not exist. The exported locale is 'en_US.UTF-8' but it is not supported.
proc exited with 1
Traceback (most recent call last):
  File "/home/shanigoren/miniconda3/envs/skd/lib/python3.6/site-packages/wandb/sdk/wandb_init.py", line 1075, in init
    wi.setup(kwargs)
  File "/home/shanigoren/miniconda3/envs/skd/lib/python3.6/site-packages/wandb/sdk/wandb_init.py", line 165, in setup
    self._wl = wandb_setup.setup()
  File "/home/shanigoren/miniconda3/envs/skd/lib/python3.6/site-packages/wandb/sdk/wandb_setup.py", line 312, in setup
    ret = _setup(settings=settings)
  File "/home/shanigoren/miniconda3/envs/skd/lib/python3.6/site-packages/wandb/sdk/wandb_setup.py", line 307, in _setup
    wl = _WandbSetup(settings=settings)
  File "/home/shanigoren/miniconda3/envs/skd/lib/python3.6/site-packages/wandb/sdk/wandb_setup.py", line 293, in __init__
    _WandbSetup._instance = _WandbSetup__WandbSetup(settings=settings, pid=pid)
  File "/home/shanigoren/miniconda3/envs/skd/lib/python3.6/site-packages/wandb/sdk/wandb_setup.py", line 106, in __init__
    self._setup()
  File "/home/shanigoren/miniconda3/envs/skd/lib/python3.6/site-packages/wandb/sdk/wandb_setup.py", line 234, in _setup
    self._setup_manager()
  File "/home/shanigoren/miniconda3/envs/skd/lib/python3.6/site-packages/wandb/sdk/wandb_setup.py", line 266, in _setup_manager
    _use_grpc=use_grpc, settings=self._settings
  File "/home/shanigoren/miniconda3/envs/skd/lib/python3.6/site-packages/wandb/sdk/wandb_manager.py", line 108, in __init__
    self._service.start()
  File "/home/shanigoren/miniconda3/envs/skd/lib/python3.6/site-packages/wandb/sdk/service/service.py", line 112, in start
    self._launch_server()
  File "/home/shanigoren/miniconda3/envs/skd/lib/python3.6/site-packages/wandb/sdk/service/service.py", line 108, in _launch_server
    assert ports_found
AssertionError
wandb: ERROR Abnormal program exit
Traceback (most recent call last):
  File "/home/shanigoren/miniconda3/envs/skd/lib/python3.6/site-packages/wandb/sdk/wandb_init.py", line 1075, in init
    wi.setup(kwargs)
  File "/home/shanigoren/miniconda3/envs/skd/lib/python3.6/site-packages/wandb/sdk/wandb_init.py", line 165, in setup
    self._wl = wandb_setup.setup()
  File "/home/shanigoren/miniconda3/envs/skd/lib/python3.6/site-packages/wandb/sdk/wandb_setup.py", line 312, in setup
    ret = _setup(settings=settings)
  File "/home/shanigoren/miniconda3/envs/skd/lib/python3.6/site-packages/wandb/sdk/wandb_setup.py", line 307, in _setup
    wl = _WandbSetup(settings=settings)
  File "/home/shanigoren/miniconda3/envs/skd/lib/python3.6/site-packages/wandb/sdk/wandb_setup.py", line 293, in __init__
    _WandbSetup._instance = _WandbSetup__WandbSetup(settings=settings, pid=pid)
  File "/home/shanigoren/miniconda3/envs/skd/lib/python3.6/site-packages/wandb/sdk/wandb_setup.py", line 106, in __init__
    self._setup()
  File "/home/shanigoren/miniconda3/envs/skd/lib/python3.6/site-packages/wandb/sdk/wandb_setup.py", line 234, in _setup
    self._setup_manager()
  File "/home/shanigoren/miniconda3/envs/skd/lib/python3.6/site-packages/wandb/sdk/wandb_setup.py", line 266, in _setup_manager
    _use_grpc=use_grpc, settings=self._settings
  File "/home/shanigoren/miniconda3/envs/skd/lib/python3.6/site-packages/wandb/sdk/wandb_manager.py", line 108, in __init__
    self._service.start()
  File "/home/shanigoren/miniconda3/envs/skd/lib/python3.6/site-packages/wandb/sdk/service/service.py", line 112, in start
    self._launch_server()
  File "/home/shanigoren/miniconda3/envs/skd/lib/python3.6/site-packages/wandb/sdk/service/service.py", line 108, in _launch_server
    assert ports_found
AssertionError

The above exception was the direct cause of the following exception:

Traceback (most recent call last):
  File "experiments/hinton_kd.py", line 80, in <module>
    expt=expt
  File "/home/shanigoren/KD_Project/Knowledge-Distillation-Project/image_classification/experiments/trainer.py", line 22, in train
    config=hyper_params)
  File "/home/shanigoren/miniconda3/envs/skd/lib/python3.6/site-packages/wandb/sdk/wandb_init.py", line 1116, in init
    raise Exception("problem") from error_seen
Exception: problem
srun: error: lambda4: task 0: Exited with exit code 1
